[2026-05-11T13:43:33.863Z] Pipeline "cn_2" → 2026_05_11_15_43_33_cn_2_max.sol
Set parameter Username
Set parameter LicenseID to value 2738840
Set parameter LogFile to value "gurobi.log"
Using license file C:\Users\andre\gurobi.lic
Academic license - for non-commercial use only - expires 2026-11-14

Gurobi Optimizer version 13.0.0 build v13.0.0rc1 (win64 - Windows 10.0 (19045.2))
Copyright (c) 2025, Gurobi Optimization, LLC

Warning: Duplicate section found (read 'binary') - Is a variable name equal to an LP file format keyword?
Warning: Duplicate section found (read 'binary') - Is a variable name equal to an LP file format keyword?
Warning: Duplicate section found (read 'binary') - Is a variable name equal to an LP file format keyword?
Warning: Duplicate section found (read 'binary') - Is a variable name equal to an LP file format keyword?
Warning: Duplicate section found (read 'binary') - Is a variable name equal to an LP file format keyword?
Warning: Duplicate section found (read 'binary') - Is a variable name equal to an LP file format keyword?
Warning: Duplicate section found (read 'binary') - Is a variable name equal to an LP file format keyword?
Warning: Duplicate section found (read 'binary') - Is a variable name equal to an LP file format keyword?
Warning: Duplicate section found (read 'binary') - Is a variable name equal to an LP file format keyword?
Warning: Duplicate section found (read 'binary') - Is a variable name equal to an LP file format keyword?
Warning: Further warnings of this type will be omitted.
Read LP format model from file C:\Users\andre\Desktop\bgw-v4\data\uploads\2026_05_11_15_43_33_cn_2_max.lp
Reading time = 0.02 seconds
: 2588 rows, 357 columns, 7741 nonzeros

Using Gurobi shared library C:\gurobi1300\win64\bin\gurobi130.dll

CPU model: Intel(R) Core(TM) i5-6500 CPU @ 3.20GHz, instruction set [SSE2|AVX|AVX2]
Thread count: 4 physical cores, 4 logical processors, using up to 4 threads

Optimize a model with 2588 rows, 357 columns and 7741 nonzeros (Max)
Model fingerprint: 0x44b0c007
Model has 79 linear objective coefficients
Variable types: 98 continuous, 259 integer (259 binary)
Coefficient statistics:
  Matrix range     [1e+00, 2e+01]
  Objective range  [1e+00, 1e+00]
  Bounds range     [1e+00, 1e+00]
  RHS range        [1e+00, 2e+01]
Found heuristic solution: objective 79.0000000
Presolve removed 549 rows and 126 columns
Presolve time: 0.01s
Presolved: 2039 rows, 231 columns, 6421 nonzeros
Variable types: 0 continuous, 231 integer (212 binary)
Found heuristic solution: objective 200.0000000

Root relaxation: objective 4.620000e+02, 241 iterations, 0.01 seconds (0.01 work units)

    Nodes    |    Current Node    |     Objective Bounds      |     Work
 Expl Unexpl |  Obj  Depth IntInf | Incumbent    BestBd   Gap | It/Node Time

     0     0  462.00000    0   77  200.00000  462.00000   131%     -    0s
H    0     0                     212.0000000  462.00000   118%     -    0s
     0     0  462.00000    0   85  212.00000  462.00000   118%     -    0s
     0     0  462.00000    0   91  212.00000  462.00000   118%     -    0s
     0     0  462.00000    0   75  212.00000  462.00000   118%     -    0s
     0     0  462.00000    0   74  212.00000  462.00000   118%     -    0s
     0     0  462.00000    0   74  212.00000  462.00000   118%     -    0s
     0     0  462.00000    0   75  212.00000  462.00000   118%     -    0s
     0     0  462.00000    0   70  212.00000  462.00000   118%     -    0s
     0     0  462.00000    0   70  212.00000  462.00000   118%     -    0s
     0     0  462.00000    0   70  212.00000  462.00000   118%     -    0s
     0     0  462.00000    0   73  212.00000  462.00000   118%     -    0s
     0     0  462.00000    0   73  212.00000  462.00000   118%     -    0s
     0     0  459.00000    0   73  212.00000  459.00000   117%     -    0s
     0     0  459.00000    0   73  212.00000  459.00000   117%     -    0s
     0     2  459.00000    0   73  212.00000  459.00000   117%     -    0s
H   55    50                     216.0000000  459.00000   113%   116    0s
H  109    85                     219.0000000  459.00000   110%   112    1s
  1319   860  259.00000   34  106  219.00000  435.81431  99.0%   122    5s
  4119  1693  277.58088   40   54  219.00000  354.96865  62.1%   101   10s
  7578  3608  234.27206   51   48  219.00000  333.50000  52.3%  91.7   15s
 10851  5362     cutoff   52       219.00000  319.48413  45.9%  88.4   20s
 14217  6877  291.26275   48   66  219.00000  311.41278  42.2%  85.6   25s
 17276  8153  277.32534   41  104  219.00000  304.27206  38.9%  83.6   30s
 20962  9433  234.26838   45   73  219.00000  299.00000  36.5%  82.7   42s
 21184  9489  299.00000   38  161  219.00000  299.00000  36.5%  83.3   45s
 23167  9853     cutoff   60       219.00000  299.00000  36.5%  87.4   50s
 25681 10085  267.35818   49  137  219.00000  299.00000  36.5%  90.9   55s
 27927 10312  246.27303   56  107  219.00000  299.00000  36.5%  92.9   60s
 30198 10400     cutoff   57       219.00000  292.33197  33.5%  95.0   65s
 31543 10495  230.83333   57  103  219.00000  290.42269  32.6%  95.8   70s
 33866 10444  238.40476   60  111  219.00000  282.64550  29.1%  97.0   75s
 35956 10389  231.60784   50  121  219.00000  277.42637  26.7%  98.2   80s
 38413 10267  241.99828   46  169  219.00000  274.19097  25.2%  98.6   85s
 40983 10329  263.92335   45  146  219.00000  271.39577  23.9%  98.7   90s
 43227 10159  253.24190   51  147  219.00000  269.24349  22.9%  98.8   95s
 45530 10075  239.70311   51   90  219.00000  266.38997  21.6%  98.9  100s
 48895  9639  221.62222   56  116  219.00000  263.56702  20.4%  98.4  105s
 51571  9820  228.51990   51  135  219.00000  261.31972  19.3%  98.1  110s
 53891 10344  225.86842   52  129  219.00000  259.72263  18.6%  97.9  115s
 56293 10703  227.29167   54  114  219.00000  258.02251  17.8%  97.6  120s
 59155 10915     cutoff   50       219.00000  255.98431  16.9%  97.1  125s
 61763 10941 infeasible   57       219.00000  253.90395  15.9%  96.9  130s
 64168 11221  223.50000   57  102  219.00000  252.73465  15.4%  96.8  135s
 65806 11203 infeasible   55       219.00000  251.33333  14.8%  96.9  140s
 67842 11418     cutoff   57       219.00000  249.77225  14.1%  96.9  145s
 68860 11511  236.43344   48  143  219.00000  249.24386  13.8%  96.7  150s
 70723 11461  236.44846   56  109  219.00000  247.77006  13.1%  96.5  155s
 73160 11589  237.88750   51  136  219.00000  246.22010  12.4%  96.4  160s
 75946 11822  230.19719   50  146  219.00000  245.28260  12.0%  95.9  165s
 78355 11749  223.50000   58   59  219.00000  243.95668  11.4%  95.9  170s
 80315 11734  222.65158   56  111  219.00000  242.71053  10.8%  95.7  175s
 82328 11562  221.85907   59   67  219.00000  241.65686  10.3%  95.5  180s
 83788 11351 infeasible   53       219.00000  240.97074  10.0%  95.5  185s
 85950 11188  224.93547   58   92  219.00000  239.86842  9.53%  95.3  190s
 87970 11023  223.10539   57   86  219.00000  239.08662  9.17%  94.7  195s
 90522 10617     cutoff   58       219.00000  237.65686  8.52%  94.4  200s
 92416 10516 infeasible   52       219.00000  236.59305  8.03%  94.1  205s
 95111 10042     cutoff   55       219.00000  234.96710  7.29%  93.5  210s
 97381  9426  223.68750   56   83  219.00000  233.36075  6.56%  93.4  215s
 100167  9137  222.40809   53  107  219.00000  232.42157  6.13%  92.9  221s
 101952  8801     cutoff   57       219.00000  232.03152  5.95%  92.2  225s
 103817  8216     cutoff   50       219.00000  230.91265  5.44%  91.7  230s
 106792  8020  220.04289   56   75  219.00000  229.78443  4.92%  91.1  235s
 109958  7679  227.83333   60   91  219.00000  228.72083  4.44%  89.9  240s
 112040  7175     cutoff   58       219.00000  227.61111  3.93%  89.5  245s
 114811  6997     cutoff   51       219.00000  227.27632  3.78%  88.6  250s
 117564  6407  223.00980   56  131  219.00000  226.07812  3.23%  88.3  255s
 121716  5368 infeasible   57       219.00000  225.50000  2.97%  87.4  260s
 127027  3801 infeasible   57       219.00000  224.01250  2.29%  85.5  265s
 130930  2420     cutoff   54       219.00000  223.37500  2.00%  84.8  270s

Cutting planes:
  Learned: 1
  Gomory: 9
  Cover: 2
  MIR: 2
  Flow cover: 10
  GUB cover: 9
  Inf proof: 5
  Zero half: 2
  RLT: 1

Explored 134516 nodes (11260614 simplex iterations) in 273.97 seconds (343.52 work units)
Thread count was 4 (of 4 available processors)

Solution count 5: 219 216 212 ... 79

Optimal solution found (tolerance 1.00e-04)
Best objective 2.190000000000e+02, best bound 2.190000000000e+02, gap 0.0000%

Wrote result file 'C:\Users\andre\Desktop\bgw-v4\data\results\2026_05_11_15_43_33_cn_2_max.sol'

