[2026-05-11T10:10:23.332Z] Pipeline "community_v9" → 2026_05_11_12_10_23_community_v9_max.sol
Set parameter Username
Set parameter LicenseID to value 2738840
Set parameter LogFile to value "gurobi.log"
Using license file C:\Users\andre\gurobi.lic
Academic license - for non-commercial use only - expires 2026-11-14

Gurobi Optimizer version 13.0.0 build v13.0.0rc1 (win64 - Windows 10.0 (19045.2))
Copyright (c) 2025, Gurobi Optimization, LLC

Warning: Duplicate section found (read 'binary') - Is a variable name equal to an LP file format keyword?
Warning: Duplicate section found (read 'binary') - Is a variable name equal to an LP file format keyword?
Warning: Duplicate section found (read 'binary') - Is a variable name equal to an LP file format keyword?
Warning: Duplicate section found (read 'binary') - Is a variable name equal to an LP file format keyword?
Warning: Duplicate section found (read 'binary') - Is a variable name equal to an LP file format keyword?
Warning: Duplicate section found (read 'binary') - Is a variable name equal to an LP file format keyword?
Warning: Duplicate section found (read 'binary') - Is a variable name equal to an LP file format keyword?
Warning: Duplicate section found (read 'binary') - Is a variable name equal to an LP file format keyword?
Warning: Duplicate section found (read 'binary') - Is a variable name equal to an LP file format keyword?
Warning: Duplicate section found (read 'binary') - Is a variable name equal to an LP file format keyword?
Warning: Further warnings of this type will be omitted.
Read LP format model from file C:\Users\andre\Desktop\bgw-v4\data\uploads\2026_05_11_12_10_23_community_v9_max.lp
Reading time = 0.01 seconds
: 350 rows, 94 columns, 998 nonzeros

Using Gurobi shared library C:\gurobi1300\win64\bin\gurobi130.dll

CPU model: Intel(R) Core(TM) i5-6500 CPU @ 3.20GHz, instruction set [SSE2|AVX|AVX2]
Thread count: 4 physical cores, 4 logical processors, using up to 4 threads

Optimize a model with 350 rows, 94 columns and 998 nonzeros (Max)
Model fingerprint: 0x5d745173
Model has 21 linear objective coefficients
Variable types: 30 continuous, 64 integer (64 binary)
Coefficient statistics:
  Matrix range     [1e+00, 1e+01]
  Objective range  [1e+00, 1e+00]
  Bounds range     [1e+00, 1e+00]
  RHS range        [1e+00, 1e+01]
Found heuristic solution: objective 21.0000000
Presolve removed 141 rows and 33 columns
Presolve time: 0.00s
Presolved: 209 rows, 61 columns, 681 nonzeros
Variable types: 0 continuous, 61 integer (52 binary)
Found heuristic solution: objective 58.0000000

Root relaxation: objective 1.090000e+02, 32 iterations, 0.00 seconds (0.00 work units)

    Nodes    |    Current Node    |     Objective Bounds      |     Work
 Expl Unexpl |  Obj  Depth IntInf | Incumbent    BestBd   Gap | It/Node Time

     0     0  109.00000    0   23   58.00000  109.00000  87.9%     -    0s
     0     0  109.00000    0   21   58.00000  109.00000  87.9%     -    0s
     0     0  102.00000    0   21   58.00000  102.00000  75.9%     -    0s
     0     0  102.00000    0   21   58.00000  102.00000  75.9%     -    0s
     0     0  102.00000    0   22   58.00000  102.00000  75.9%     -    0s
     0     0  102.00000    0   22   58.00000  102.00000  75.9%     -    0s
     0     0  102.00000    0   23   58.00000  102.00000  75.9%     -    0s
     0     0  102.00000    0   21   58.00000  102.00000  75.9%     -    0s
     0     0  102.00000    0   21   58.00000  102.00000  75.9%     -    0s
     0     0  102.00000    0   22   58.00000  102.00000  75.9%     -    0s
     0     0  102.00000    0   22   58.00000  102.00000  75.9%     -    0s
     0     0  102.00000    0   22   58.00000  102.00000  75.9%     -    0s
     0     0  101.00000    0   22   58.00000  101.00000  74.1%     -    0s
     0     0  101.00000    0   19   58.00000  101.00000  74.1%     -    0s
     0     2  101.00000    0   19   58.00000  101.00000  74.1%     -    0s

Cutting planes:
  Gomory: 5
  Cover: 6
  MIR: 7
  Inf proof: 67
  Zero half: 3

Explored 4583 nodes (60862 simplex iterations) in 0.72 seconds (0.49 work units)
Thread count was 4 (of 4 available processors)

Solution count 2: 58 21 

Optimal solution found (tolerance 1.00e-04)
Best objective 5.800000000000e+01, best bound 5.800000000000e+01, gap 0.0000%

Wrote result file 'C:\Users\andre\Desktop\bgw-v4\data\results\2026_05_11_12_10_23_community_v9_max.sol'

